lcd_source.c:21:5:sunxi_lcd_delay_ms	8	static
lcd_source.c:34:5:sunxi_lcd_delay_us	8	static
lcd_source.c:47:6:sunxi_lcd_tcon_enable	8	static
lcd_source.c:60:6:sunxi_lcd_dsi_mode_switch	8	static
lcd_source.c:71:6:sunxi_lcd_tcon_disable	8	static
lcd_source.c:84:6:sunxi_lcd_backlight_enable	8	static
lcd_source.c:97:6:sunxi_lcd_backlight_disable	8	static
lcd_source.c:111:6:sunxi_lcd_power_enable	8	static
lcd_source.c:125:6:sunxi_lcd_power_disable	8	static
lcd_source.c:140:5:sunxi_lcd_pwm_enable	8	static
lcd_source.c:153:5:sunxi_lcd_pwm_disable	8	static
lcd_source.c:166:5:sunxi_lcd_cpu_set_auto_mode	8	static
lcd_source.c:182:5:sunxi_lcd_cpu_write	8	static
lcd_source.c:196:5:sunxi_lcd_cpu_write_index	8	static
lcd_source.c:210:5:sunxi_lcd_cpu_write_data	8	static
lcd_source.c:226:5:sunxi_lcd_dsi_dcs_write	8	static
lcd_source.c:240:5:sunxi_lcd_dsi_dcs_write_0para	16	static
lcd_source.c:255:5:sunxi_lcd_dsi_dcs_write_1para	16	static
lcd_source.c:265:5:sunxi_lcd_dsi_dcs_write_2para	16	static
lcd_source.c:276:5:sunxi_lcd_dsi_dcs_write_3para	16	static
lcd_source.c:288:5:sunxi_lcd_dsi_dcs_write_4para	16	static
lcd_source.c:301:5:sunxi_lcd_dsi_dcs_write_5para	16	static
lcd_source.c:315:5:sunxi_lcd_dsi_dcs_write_6para	16	static
lcd_source.c:338:5:sunxi_lcd_dsi_gen_write	8	static
lcd_source.c:352:5:sunxi_lcd_dsi_gen_write_0para	16	static
lcd_source.c:367:5:sunxi_lcd_dsi_gen_write_1para	16	static
lcd_source.c:377:5:sunxi_lcd_dsi_gen_write_2para	16	static
lcd_source.c:388:5:sunxi_lcd_dsi_gen_write_3para	16	static
lcd_source.c:400:5:sunxi_lcd_dsi_gen_write_4para	16	static
lcd_source.c:413:5:sunxi_lcd_dsi_gen_write_5para	16	static
lcd_source.c:431:5:sunxi_lcd_dsi_clk_enable	8	static
lcd_source.c:444:5:sunxi_lcd_dsi_clk_disable	8	static
lcd_source.c:475:6:sunxi_lcd_dsi_set_max_ret_size	8	static
lcd_source.c:492:6:sunxi_lcd_dsi_dcs_read	8	static
lcd_source.c:506:6:sunxi_lcd_dsi_gen_short_read0p	16	static
lcd_source.c:519:6:sunxi_lcd_dsi_gen_short_read1p	16	static
lcd_source.c:535:6:sunxi_lcd_dsi_gen_short_read2p	16	static
lcd_source.c:550:5:sunxi_lcd_set_panel_funs	8	static
lcd_source.c:564:5:sunxi_lcd_pin_cfg	8	static
lcd_source.c:579:5:sunxi_lcd_gpio_set_value	8	static
lcd_source.c:594:5:sunxi_lcd_gpio_set_direction	8	static
