lh219wq1.c:440:12:LCD_user_defined_func	0	static
lh219wq1.c:120:12:LCD_close_flow	8	static
lh219wq1.c:147:13:LCD_power_off	8	static
lh219wq1.c:185:13:LCD_panel_exit	16	static
lh219wq1.c:164:13:LCD_bl_close	8	static
lh219wq1.c:105:12:LCD_open_flow	8	static
lh219wq1.c:158:13:LCD_bl_open	8	static
lh219wq1.c:135:13:LCD_power_on	8	static
lh219wq1.c:50:13:lcd_cfg_panel_info	168	static
lh219wq1.c:200:13:0	16	static
lh219wq1.c:236:6:lcd_rotation_lh219wq1	0	static
lh219wq1.c:241:6:lcd_panel_lh219wq1_init	24	static
lh219wq1.c:170:13:LCD_panel_init	16	static
lh219wq1.c:435:6:lcd_reflush_lh219wq1	0	static
