sdmmc.c:22:1:sunxi_flash_mmc_read	8	static
sdmmc.c:32:1:sunxi_flash_mmc_write	8	static
sdmmc.c:41:1:sunxi_flash_mmc_size	0	static
sdmmc.c:47:1:sunxi_flash_mmc_init	0	static
sdmmc.c:58:5:sunxi_flash_mmc_phyread	8	static
sdmmc.c:63:5:sunxi_flash_mmc_phywrite	8	static
sdmmc.c:71:1:sunxi_sprite_mmc_read	8	static
sdmmc.c:114:5:sunxi_flash_mmc_user_phyget_wp_grp_size	8	static
sdmmc.c:119:5:sunxi_flash_mmc_user_phywrite_protect	8	static
sdmmc.c:124:5:sunxi_flash_mmc_phyclr_tem_wp	8	static
sdmmc.c:137:5:sunxi_sprite_mmc_user_phyget_wp_grp_size	8	static
sdmmc.c:156:5:sunxi_sprite_mmc_user_phywrite_protect	8	static
sdmmc.c:171:5:sunxi_sprite_mmc_phyclr_tem_wp	8	static
sdmmc.c:179:1:sunxi_sprite_mmc_write	8	static
sdmmc.c:193:1:sunxi_sprite_mmc_size	0	static
sdmmc.c:199:1:sunxi_sprite_mmc_init	0	static
sdmmc.c:204:1:sunxi_sprite_mmc_exit	0	static
sdmmc.c:209:5:sunxi_sprite_mmc_phyread	8	static
sdmmc.c:214:5:sunxi_sprite_mmc_phywrite	8	static
sdmmc.c:52:1:sunxi_flash_mmc_exit	0	static
sdmmc.c:187:1:sunxi_sprite_mmc_erase	0	static
sdmmc.c:237:5:sunxi_sprite_mmc_force_erase	8	static
sdmmc.c:512:12:check_secure_storage_key	16	static
sdmmc.c:80:5:sunxi_sprite_mmc_bootop_enable	8	static
sdmmc.c:85:5:sunxi_sprite_mmc_bootp_phyread	0	static
sdmmc.c:97:5:sunxi_sprite_mmc_bootp_phywrite	0	static
sdmmc.c:108:5:sunxi_sprite_mmc_bootp_phyerase	0	static
sdmmc.c:219:5:sunxi_sprite_mmc_phyerase	16	static
sdmmc.c:228:5:sunxi_sprite_mmc_phywipe	16	static
sdmmc.c:247:5:sunxi_flash_mmc_secread	8	static
sdmmc.c:252:5:sunxi_flash_mmc_secread_backup	8	static
sdmmc.c:257:5:sunxi_flash_mmc_secwrite	8	static
sdmmc.c:262:5:sunxi_sprite_mmc_secwrite	8	static
sdmmc.c:294:5:mmc_secure_storage_write	16	static
sdmmc.c:270:5:sunxi_sprite_mmc_secread	8	static
sdmmc.c:278:5:sunxi_sprite_mmc_secread_backup	8	static
sdmmc.c:286:5:mmc_secure_storage_read	40	static
sdmmc.c:326:5:sdmmc_init_for_boot	16	static
sdmmc.c:374:5:sdmmc_init_for_sprite	8	static
sdmmc.c:432:5:sdmmc_init_card0_for_sprite	8	static
sdmmc.c:485:5:card_read_boot0	16	static
