sunxi_flash.c:63:1:sunxi_null_op	0	static
sunxi_flash.c:68:1:sunxi_null_erase	0	static
sunxi_flash.c:74:1:sunxi_null_size	0	static
sunxi_flash.c:79:1:sunxi_null_init	0	static
sunxi_flash.c:84:1:sunxi_null_exit	0	static
sunxi_flash.c:89:1:sunxi_null_flush	0	static
sunxi_flash.c:94:1:sunxi_null_force_erase	0	static
sunxi_flash.c:99:1:sunxi_null_secstorage_read	0	static
sunxi_flash.c:105:1:sunxi_null_secstorage_write	0	static
sunxi_flash.c:111:1:sunxi_null_wp_grp_size	0	static
sunxi_flash.c:117:1:sunxi_null_write_protect	0	static
sunxi_flash.c:123:1:sunxi_null_phyclr_tem_wp	0	static
sunxi_flash.c:144:12:nand_uboot_probe	0	static
sunxi_flash.c:148:35:nand_get_mbr	0	static
sunxi_flash.c:152:13:NAND_GetLogicPageSize	0	static
sunxi_flash.c:160:28:nand_init_for_boot	0	static
sunxi_flash.c:165:28:sdmmc_init_for_boot	0	static
sunxi_flash.c:169:28:spinor_init_for_boot	0	static
sunxi_flash.c:174:27:nand_init_for_sprite	0	static
sunxi_flash.c:178:27:sdmmc_init_for_sprite	0	static
sunxi_flash.c:182:27:sdmmc_init_card0_for_sprite	0	static
sunxi_flash.c:186:27:spinor_init_for_sprite	0	static
sunxi_flash.c:191:27:nand_read_uboot_data	0	static
sunxi_flash.c:196:28:nand_read_boot0	0	static
sunxi_flash.c:200:27:sunxi_download_boot0_atfter_ota	0	static
sunxi_flash.c:204:28:sunxi_sprite_download_uboot	0	static
sunxi_flash.c:208:28:card_erase	0	static
sunxi_flash.c:267:5:sunxi_flash_read	8	static
sunxi_flash.c:543:16:sunxi_flash_part_read	24	static
sunxi_flash.c:273:5:sunxi_flash_write	8	static
sunxi_flash.c:560:16:sunxi_flash_part_write	24	static
sunxi_flash.c:285:5:sunxi_mmc_enable_bootop	0	static
sunxi_flash.c:290:6:sunxi_flash_size	8	static
sunxi_flash.c:295:5:sunxi_flash_exit	8	static
sunxi_flash.c:300:5:sunxi_flash_flush	8	static
sunxi_flash.c:305:5:sunxi_flash_phyread	8	static
sunxi_flash.c:310:5:sunxi_flash_phywrite	8	static
sunxi_flash.c:315:5:sunxi_flash_user_phyget_wp_grp_size	8	static
sunxi_flash.c:320:5:sunxi_flash_user_phywrite_protect	8	static
sunxi_flash.c:325:5:sunxi_flash_phyclr_tem_wp	8	static
sunxi_flash.c:334:5:sunxi_sprite_init	8	static
sunxi_flash.c:339:5:sunxi_sprite_read	8	static
sunxi_flash.c:344:5:sunxi_sprite_write	8	static
sunxi_flash.c:349:5:sunxi_sprite_erase	8	static
sunxi_flash.c:354:6:sunxi_sprite_size	8	static
sunxi_flash.c:359:5:sunxi_sprite_exit	8	static
sunxi_flash.c:364:5:sunxi_sprite_flush	8	static
sunxi_flash.c:369:5:sunxi_sprite_phyread	8	static
sunxi_flash.c:374:5:sunxi_sprite_phywrite	8	static
sunxi_flash.c:379:5:sunxi_sprite_force_erase	8	static
sunxi_flash.c:384:5:sunxi_sprite_user_phyget_wp_grp_size	8	static
sunxi_flash.c:388:5:sunxi_sprite_user_phywrite_protect	8	static
sunxi_flash.c:392:5:sunxi_sprite_phyclr_tem_wp	8	static
sunxi_flash.c:400:5:sunxi_flash_boot_handle	8	static
sunxi_flash.c:455:5:sunxi_flash_sprite_handle	8	static
sunxi_flash.c:535:19:sunxi_flash_get_dev	8	static
sunxi_flash.c:579:5:sunxi_flash_init_uboot	0	static
sunxi_flash.c:497:5:sunxi_flash_handle_init	16	static
sunxi_flash.c:616:5:read_boot_package	16	static
sunxi_flash.c:692:5:sunxi_flash_upload_boot0	16	static
sunxi_flash.c:757:5:sunxi_flash_get_boot0_size	32776	static
sunxi_flash.c:802:5:sunxi_nand_emmc_flash_update_boot0	16	static
sunxi_flash.c:846:5:sunxi_flash_update_boot0	8	static
sunxi_flash.c:869:5:sunxi_flash_update_fdt	32	static
sunxi_flash.c:945:5:sunxi_secstorage_read	8	static
sunxi_flash.c:950:5:sunxi_secstorage_write	8	static
