sunxi_smc.c:185:21:smc_readl_normal	0	static
sunxi_smc.c:189:21:smc_writel_normal	0	static
sunxi_smc.c:64:5:sunxi_smc_call	8	static
sunxi_smc.c:137:5:arm_svc_write_sec_reg	16	static
sunxi_smc.c:132:5:arm_svc_read_sec_reg	16	static
sunxi_smc.c:82:5:arm_svc_set_cpu_on	16	static
sunxi_smc.c:87:5:arm_svc_set_cpu_off	16	static
sunxi_smc.c:92:5:arm_svc_set_cpu_wfi	16	static
sunxi_smc.c:97:5:arm_svc_version	32	static
sunxi_smc.c:112:5:arm_svc_poweroff	16	static
sunxi_smc.c:117:5:arm_svc_call_count	16	static
sunxi_smc.c:122:5:arm_svc_uuid	16	static
sunxi_smc.c:127:5:arm_svc_run_os	16	static
sunxi_smc.c:144:5:arm_svc_arisc_startup	16	static
sunxi_smc.c:149:5:arm_svc_arisc_wait_ready	16	static
sunxi_smc.c:154:5:arm_svc_arisc_fake_poweroff	16	static
sunxi_smc.c:159:5:arm_svc_arisc_read_pmu	16	static
sunxi_smc.c:164:5:arm_svc_arisc_write_pmu	16	static
sunxi_smc.c:169:5:arm_svc_efuse_read	16	static
sunxi_smc.c:174:5:arm_svc_efuse_write	16	static
sunxi_smc.c:179:5:arm_svc_probe_secure_mode	16	static
sunxi_smc.c:198:5:smc_readl	8	static
sunxi_smc.c:203:6:smc_writel	8	static
sunxi_smc.c:208:5:smc_efuse_readl	8	static
sunxi_smc.c:214:5:smc_efuse_writel	8	static
sunxi_smc.c:221:5:smc_init	8	static
sunxi_smc.c:248:5:smc_tee_ssk_encrypt	72	static
sunxi_smc.c:289:5:smc_tee_ssk_decrypt	64	static
sunxi_smc.c:328:5:smc_tee_rssk_encrypt	72	static
sunxi_smc.c:369:5:smc_aes_rssk_decrypt_to_keysram	48	static
sunxi_smc.c:405:5:smc_aes_algorithm	72	static
sunxi_smc.c:456:5:smc_tee_keybox_store	56	static
sunxi_smc.c:496:5:smc_tee_probe_drm_configure	48	static
sunxi_smc.c:517:5:smc_tee_sym_encrypt	72	static
sunxi_smc.c:559:5:smc_tee_sym_decrypt	64	static
