board.c:62:6:s_init	0	static
board.c:67:6:reset_cpu	0	static
board.c:74:6:enable_caches	8	static
board.c:80:6:disable_caches	8	static
board.c:86:5:display_inner	8	static
board.c:118:5:parameter_init	8	static
board.c:163:5:script_init	8	static
board.c:189:7:sunxi_set_fel_flag	0	static
board.c:229:6:sunxi_clear_fel_flag	0	static
board.c:249:6:sunxi_set_rtc_flag	0	static
board.c:256:6:sunxi_board_close_source	8	static
board.c:276:5:sunxi_board_restart	8	static
board.c:302:5:sunxi_board_shutdown	8	static
board.c:324:5:sunxi_board_prepare_kernel	8	static
board.c:345:6:sunxi_flush_allcaches	8	static
board.c:355:5:sunxi_board_run_fel	8	static
board.c:373:5:sunxi_board_run_fel_eraly	8	static
board.c:386:13:cpu_spin_lock	0	static
board.c:389:21:cpu_spin_trylock	0	static
board.c:393:13:cpu_spin_unlock	0	static
