sun50iw6p1.c:43:5:enable_smp	0	static
sun50iw6p1.c:51:5:board_init	8	static
sun50iw6p1.c:82:6:dram_init_banksize	0	static
sun50iw6p1.c:88:5:dram_init	8	static
sun50iw6p1.c:111:5:board_mmc_init	8	static
sun50iw6p1.c:118:6:board_mmc_pre_init	0	static
sun50iw6p1.c:128:5:board_mmc_get_num	0	static
sun50iw6p1.c:134:6:board_mmc_set_num	0	static
sun50iw6p1.c:151:5:cpu0_set_detected_paras	0	static
sun50iw6p1.c:156:7:get_spare_head_size	0	static
sun50iw6p1.c:175:5:platform_axp_probe	8	static
sun50iw6p1.c:220:7:board_hardware_info	0	static
sun50iw6p1.c:320:5:board_eth_init	8	static
sun50iw6p1.c:349:6:ir_clk_cfg	8	static
sun50iw6p1.c:380:5:update_fdt_dram_para	40	static
