de_lcd.c:569:12:tcon0_cfg_mode_auto	12	static
de_lcd.c:1269:12:tcon_ceu_range_cut	0	static
de_lcd.c:1289:12:tcon_ceu_rect_multi	40	static
de_lcd.c:617:12:tcon0_cfg_mode_tri	24	static
de_lcd.c:1366:12:2	584	static
de_lcd.c:28:5:rgb_src_sel	0	static
de_lcd.c:43:5:dsi_src_sel	0	static
de_lcd.c:54:5:tcon0_out_to_gpio	0	static
de_lcd.c:68:5:tcon1_out_to_gpio	0	static
de_lcd.c:84:5:tcon1_tv_clk_enable	0	static
de_lcd.c:107:5:tcon1_hdmi_clk_enable	0	static
de_lcd.c:152:5:tcon0_dsi_clk_enable	0	static
de_lcd.c:170:5:tcon_de_attach	0	static
de_lcd.c:204:5:tcon_get_attach_by_de_index	0	static
de_lcd.c:216:5:tcon_top_set_reg_base	0	static
de_lcd.c:222:11:tcon_top_get_reg_base	0	static
de_lcd.c:273:5:lvds_open	24	static
de_lcd.c:322:5:lvds_close	16	static
de_lcd.c:341:5:tcon_get_cur_field	0	static
de_lcd.c:351:5:tcon_get_timing	48	static
de_lcd.c:406:5:tcon_set_reg_base	0	static
de_lcd.c:412:11:tcon_get_reg_base	0	static
de_lcd.c:417:5:tcon_init	0	static
de_lcd.c:429:5:tcon_exit	0	static
de_lcd.c:437:5:tcon_irq_enable	0	static
de_lcd.c:444:5:tcon_irq_disable	0	static
de_lcd.c:451:5:tcon_irq_query	0	static
de_lcd.c:465:5:tcon_get_start_delay	0	static
de_lcd.c:475:5:tcon_get_cur_line	0	static
de_lcd.c:486:5:tcon_get_status	0	static
de_lcd.c:503:5:tcon0_src_select	8	static
de_lcd.c:512:5:tcon0_src_get	0	static
de_lcd.c:517:5:tcon0_open	16	static
de_lcd.c:550:5:tcon0_close	8	static
de_lcd.c:890:5:tcon0_tri_busy	0	static
de_lcd.c:895:5:tcon0_cpu_set_auto_mode	0	static
de_lcd.c:904:5:tcon0_tri_start	0	static
de_lcd.c:910:5:tcon0_frm	0	static
de_lcd.c:694:5:tcon0_cfg	16	static
de_lcd.c:939:5:tcon0_cpu_16b_to_24b	0	static
de_lcd.c:947:5:tcon0_cpu_24b_to_16b	0	static
de_lcd.c:955:5:tcon0_cpu_busy	0	static
de_lcd.c:964:5:tcon0_cpu_wr_24b_index	16	static
de_lcd.c:983:5:tcon0_cpu_wr_24b_data	16	static
de_lcd.c:1002:5:tcon0_cpu_wr_24b	16	static
de_lcd.c:1009:5:tcon0_cpu_rd_24b	0	static
de_lcd.c:1014:5:tcon0_cpu_wr_16b	16	static
de_lcd.c:1021:5:tcon0_cpu_wr_16b_index	8	static
de_lcd.c:1027:5:tcon0_cpu_wr_16b_data	8	static
de_lcd.c:1033:5:tcon0_cpu_rd_16b	0	static
de_lcd.c:1038:5:tcon0_set_dclk_div	0	static
de_lcd.c:1045:5:tcon0_get_dclk_div	0	static
de_lcd.c:1050:5:tcon0_get_cpu_tri2_start_delay	0	static
de_lcd.c:1055:5:tcon1_open	8	static
de_lcd.c:1063:5:tcon1_close	8	static
de_lcd.c:1070:5:tcon1_cfg	32	static
de_lcd.c:1118:5:tcon1_cfg_ex	96	static
de_lcd.c:1140:5:tcon1_hdmi_color_remap	8	static
de_lcd.c:1178:5:tcon1_yuv_range	0	static
de_lcd.c:1216:5:tcon1_set_timming	8	static
de_lcd.c:1239:5:tcon1_set_tv_mode	0	static
de_lcd.c:1244:5:tcon1_src_select	8	static
de_lcd.c:1256:5:tcon1_src_get	0	static
de_lcd.c:1448:5:tcon_ceu	80	static
de_lcd.c:1538:5:tcon_gamma	12	static
de_lcd.c:1555:5:tcon_cmap	0	static
de_lcd.c:881:5:tcon0_cfg_ext	16	static
de_lcd.c:1589:5:tcon1_black_src	0	static
