de_rtmx.c:52:5:de_rtmx_update_regs	40	static
de_rtmx.c:387:5:de_rtmx_exit	48	static
de_rtmx.c:423:5:de_rtmx_double_exit	0	static
de_rtmx.c:471:5:de_rtmx_set_gld_reg_base	0	static
de_rtmx.c:488:5:de_rtmx_set_bld_reg_base	0	static
de_rtmx.c:507:5:de_rtmx_set_overlay_reg_base	16	static
de_rtmx.c:429:5:de_rtmx_double_init	32	static
de_rtmx.c:210:5:de_rtmx_init	56	static
de_rtmx.c:525:5:de_rtmx_set_display_size	0	static
de_rtmx.c:539:5:de_rtmx_set_dbuff_rdy	0	static
de_rtmx.c:548:5:de_rtmx_set_enable	24	static
de_rtmx.c:576:5:de_rtmx_query_irq	0	static
de_rtmx.c:590:5:de_rtmx_enable_irq	0	static
de_rtmx.c:615:5:de_rtmx_set_lay_cfg	32	static
de_rtmx.c:894:5:de_rtmx_set_lay_haddr	32	static
de_rtmx.c:1122:5:de_rtmx_get_3d_in_single_size	0	static
de_rtmx.c:1160:5:de_rtmx_get_3d_in	48	static
de_rtmx.c:1401:5:de_rtmx_get_li_addr_offset	0	static
de_rtmx.c:972:5:de_rtmx_set_lay_laddr	64	static
de_rtmx.c:1411:5:de_rtmx_get_3d_out	32	static
de_rtmx.c:1466:5:de_rtmx_set_lay_fcolor	24	static
de_rtmx.c:1515:5:de_rtmx_set_overlay_size	24	static
de_rtmx.c:1738:5:de_rtmx_set_coarse_fac	72	static
de_rtmx.c:1776:5:de_rtmx_set_pf_en	0	static
de_rtmx.c:1797:5:de_rtmx_set_pipe_cfg	12	static
de_rtmx.c:1824:5:de_rtmx_set_route	8	static
de_rtmx.c:1839:5:de_rtmx_set_premul	8	static
de_rtmx.c:1854:5:de_rtmx_set_background_color	0	static
de_rtmx.c:1865:5:de_rtmx_set_blend_size	0	static
de_rtmx.c:1878:5:de_rtmx_set_blend_mode	0	static
de_rtmx.c:1917:5:de_rtmx_set_blend_color	0	static
de_rtmx.c:1927:5:de_rtmx_set_outitl	0	static
de_rtmx.c:1936:5:de_rtmx_set_bld_color_space	0	static
de_rtmx.c:1945:5:de_rtmx_set_colorkey	12	static
de_rtmx.c:1969:16:de_rtmx_extend_rect	24	static
de_rtmx.c:1988:5:de_rtmx_calc_chnrect	104	static
de_rtmx.c:2052:5:de_rtmx_trimcoord	24	static
de_rtmx.c:2122:5:de_rtmx_get_premul_ctl	16	static
de_rtmx.c:2147:5:de_rtmx_mux	0	static
de_rtmx.c:2164:5:de_rtmx_get_mux	0	static
de_rtmx.c:2174:5:de_rtmx_sync_hw	40	static
de_rtmx.c:2240:5:de_rtmx_get_lay_enabled	16	static
de_rtmx.c:2256:5:de_rtmx_get_lay_address	24	static
de_rtmx.c:2292:5:de_rtmx_get_lay_size	24	static
de_rtmx.c:2381:5:de_rtmx_get_lay_win	24	static
de_rtmx.c:2400:5:de_rtmx_get_display_size	0	static
de_rtmx.c:2412:5:de_rtmx_get_lay_format	16	static
