disp_al.c:43:5:disp_al_layer_apply	64	static
disp_al.c:63:5:disp_al_manager_init	0	static
disp_al.c:68:5:disp_al_manager_exit	0	static
disp_al.c:73:5:disp_al_manager_apply	16	static
disp_al.c:107:5:disp_al_manager_sync	0	static
disp_al.c:112:5:disp_al_manager_update_regs	0	static
disp_al.c:117:5:disp_al_manager_query_irq	0	static
disp_al.c:122:5:disp_al_manager_enable_irq	0	static
disp_al.c:127:5:disp_al_manager_disable_irq	0	static
disp_al.c:132:5:disp_al_enhance_apply	0	static
disp_al.c:146:5:disp_al_enhance_update_regs	0	static
disp_al.c:151:5:disp_al_enhance_sync	0	static
disp_al.c:156:5:disp_al_enhance_tasklet	0	static
disp_al.c:161:5:disp_al_capture_init	0	static
disp_al.c:166:5:disp_al_capture_exit	0	static
disp_al.c:171:5:disp_al_capture_sync	8	static
disp_al.c:179:5:disp_al_capture_apply	0	static
disp_al.c:184:5:disp_al_capture_get_status	0	static
disp_al.c:189:5:disp_al_smbl_apply	0	static
disp_al.c:194:5:disp_al_smbl_update_regs	0	static
disp_al.c:199:5:disp_al_smbl_sync	0	static
disp_al.c:204:5:disp_al_smbl_tasklet	0	static
disp_al.c:209:5:disp_al_smbl_get_status	0	static
disp_al.c:228:5:disp_al_lcd_get_clk_info	16	static
disp_al.c:298:5:disp_al_lcd_cfg	48	static
disp_al.c:354:5:disp_al_lcd_cfg_ext	8	static
disp_al.c:361:5:disp_al_lcd_enable	16	static
disp_al.c:388:5:disp_al_lcd_disable	8	static
disp_al.c:419:5:disp_al_lcd_query_irq	0	static
disp_al.c:436:5:disp_al_lcd_enable_irq	0	static
disp_al.c:458:5:disp_al_lcd_disable_irq	0	static
disp_al.c:480:5:disp_al_lcd_tri_busy	8	static
disp_al.c:495:5:disp_al_lcd_tri_start	0	static
disp_al.c:504:5:disp_al_lcd_io_cfg	0	static
disp_al.c:525:5:disp_al_lcd_get_cur_line	0	static
disp_al.c:535:5:disp_al_lcd_get_start_delay	0	static
disp_al.c:554:5:disp_al_hdmi_enable	8	static
disp_al.c:564:5:disp_al_hdmi_disable	16	static
disp_al.c:575:5:disp_al_hdmi_cfg	24	static
disp_al.c:612:5:disp_al_tv_enable	8	static
disp_al.c:620:5:disp_al_tv_disable	16	static
disp_al.c:631:5:disp_al_tv_cfg	24	static
disp_al.c:694:5:disp_al_vdevice_cfg	328	static
disp_al.c:751:5:disp_al_vdevice_enable	304	static
disp_al.c:762:5:disp_al_vdevice_disable	16	static
disp_al.c:773:5:disp_al_device_get_cur_line	0	static
disp_al.c:780:5:disp_al_device_get_start_delay	0	static
disp_al.c:788:5:disp_al_device_query_irq	0	static
disp_al.c:800:5:disp_al_device_enable_irq	0	static
disp_al.c:812:5:disp_al_device_disable_irq	0	static
disp_al.c:824:5:disp_al_device_get_status	0	static
disp_al.c:833:5:disp_al_device_src_select	0	static
disp_al.c:841:5:disp_init_al	104	static
disp_al.c:919:5:disp_al_get_fb_info	0	static
disp_al.c:924:5:disp_al_get_display_size	0	static
