mmc.c:684:13:mmc_set_ios	8	static
mmc.c:2764:13:_mmc_life_time_est	0	static
mmc.c:2794:12:mmc_mmc_parse_health_report	16	static
mmc.c:46:12:board_mmc_getwp	0	static
mmc.c:51:5:mmc_getwp	8	static
mmc.c:67:5:__board_mmc_getcd	0	static
mmc.c:74:5:mmc_send_cmd	8	static
mmc.c:357:12:mmc_go_idle	40	static
mmc.c:2174:12:mmc_send_if_cond	48	static
mmc.c:381:12:sd_send_op_cond	64	static
mmc.c:457:12:mmc_send_op_cond_iter	16	static
mmc.c:1286:12:6	56	static
mmc.c:133:5:mmc_send_status	48	static
mmc.c:192:5:mmc_set_blocklen	40	static
mmc.c:215:5:mmc_send_manual_stop	48	static
mmc.c:231:13:find_mmc_device	8	static
mmc.c:250:5:_mmc_set_block_count	40	static
mmc.c:309:7:mmc_bread	80	static
mmc.c:484:5:mmc_send_op_cond	48	static
mmc.c:517:5:mmc_complete_op_cond	48	static
mmc.c:567:5:mmc_send_ext_csd	56	static
mmc.c:592:5:mmc_decode_ext_csd	16	static
mmc.c:677:5:mmc_update_phase	8	static
mmc.c:690:5:mmc_do_switch	48	static
mmc.c:763:5:7	16	static
mmc.c:1247:12:mmc_en_emmc_hw_rst	592	static
mmc.c:763:5:mmc_switch	16	static
mmc.c:769:5:mmc_mmc_switch_to_ds	592	static
mmc.c:810:5:mmc_mmc_switch_to_hs	592	static
mmc.c:851:5:mmc_mmc_switch_to_hs200	592	static
mmc.c:892:5:mmc_mmc_switch_to_hs400	592	static
mmc.c:933:5:mmc_mmc_switch_speed_mode	8	static
mmc.c:993:5:mmc_mmc_switch_bus_width	24	static
mmc.c:1048:5:mmc_mmc_switch_bus_mode	24	static
mmc.c:1231:5:mmc_getcd	8	static
mmc.c:1476:6:mmc_set_clock	0	static
mmc.c:1602:12:mmc_startup	1456	static
mmc.c:1495:5:mmc_switch_boot_bus_cond	600	static
mmc.c:1532:5:mmc_switch_boot_part	600	static
mmc.c:1566:5:mmc_switch_part	528	static
mmc.c:1206:5:mmc_select_hwpart	16	static
mmc.c:2203:18:mmc_register	8	static
mmc.c:2211:13:mmc_create	16	static
mmc.c:2254:6:mmc_destroy	0	static
mmc.c:2271:5:mmc_start_init	24	static
mmc.c:2432:6:mmc_update_config_for_dragonboard	160	static
mmc.c:2511:6:mmc_update_config_for_sdly	200	static
mmc.c:2863:5:mmc_init_boot	16	static
mmc.c:2983:5:mmc_init_product	24	static
mmc.c:3108:5:mmc_init	16	static
mmc.c:2261:19:mmc_get_dev	8	static
mmc.c:3151:5:mmc_set_dsr	0	static
mmc.c:3161:12:__def_mmc_init	0	static
mmc.c:3171:6:print_mmc_devices	16	static
mmc.c:3192:5:get_mmc_num	0	static
mmc.c:3197:6:mmc_set_preinit	0	static
mmc.c:3215:5:mmc_initialize	16	static
mmc.c:3231:5:mmc_exit	16	static
