board_common.c:1297:12:hex2int	0	static
board_common.c:42:27:mmc_request_update_boot0	0	static
board_common.c:46:29:mmc_update_config_for_sdly	0	static
board_common.c:50:29:mmc_update_config_for_dragonboard	0	static
board_common.c:55:37:find_mmc_device	0	static
board_common.c:59:27:update_fdt_dram_para	40	static
board_common.c:100:6:sunxi_update_subsequent_processing	8	static
board_common.c:281:5:respond_ir_boot_recovery_action	0	static
board_common.c:302:5:check_physical_key_early	88	static
board_common.c:577:5:disable_node	16	static
board_common.c:598:6:dragonboard_handler	8	static
board_common.c:657:5:update_fdt_para_for_kernel	48	static
board_common.c:779:5:get_boot_work_mode	0	static
board_common.c:784:5:get_boot_storage_type_ext	0	static
board_common.c:790:5:get_boot_storage_type	0	static
board_common.c:413:5:update_bootcmd	4376	static
board_common.c:178:6:sunxi_fastboot_init	1112	static
board_common.c:802:6:set_boot_storage_type	0	static
board_common.c:808:5:get_boot_dram_para_addr	0	static
board_common.c:813:5:get_boot_dram_para_size	0	static
board_common.c:818:5:get_parameter_addr	0	static
board_common.c:823:5:get_boot_dram_update_flag	0	static
board_common.c:834:6:set_boot_dram_update_flag	0	static
board_common.c:845:5:get_pmu_byte_from_boot0	0	static
board_common.c:866:5:get_debugmode_flag	16	static
board_common.c:903:5:write_recovery_msg_to_misc	2064	static
board_common.c:966:6:respond_physical_key_action	8	static
board_common.c:1018:5:update_dram_para_for_ota	16	static
board_common.c:1056:5:update_gpt_for_programmer	24	static
board_common.c:1095:5:board_late_init	8	static
board_common.c:1198:6:sunxi_generate_checksum	16	static
board_common.c:1228:5:sunxi_verify_checksum	8	static
board_common.c:1253:5:sunxi_led_init	16	static
board_common.c:1264:6:sunxi_led_exit	0	static
board_common.c:1275:6:sunxi_auto_sel_pio_mode	0	static
board_common.c:1309:5:sunxi_mac_char_to_int	24	static
board_common.c:1338:5:sunxi_mac_int_to_char	8	static
board_common.c:1358:5:check_mac_from_efuse	56	static
board_common.c:1384:5:update_mac_from_efuse	88	static
