de_v3.c:666:13:disp_getprop_by_name	16	static
de_v3.c:517:12:get_saved_hdmi_vendor_id	536	static
de_v3.c:40:12:board_display_update_para_for_kernel	0	static
de_v3.c:71:5:board_display_layer_request	0	static
de_v3.c:92:5:board_display_layer_release	0	static
de_v3.c:113:5:board_display_wait_lcd_open	32	static
de_v3.c:161:5:board_display_wait_lcd_close	32	static
de_v3.c:209:5:board_display_set_exit_mode	24	static
de_v3.c:248:5:board_display_layer_open	32	static
de_v3.c:285:5:board_display_layer_close	32	static
de_v3.c:319:5:board_display_layer_para_set	24	static
de_v3.c:347:5:board_display_show_until_lcd_open	8	static
de_v3.c:375:5:board_display_show	8	static
de_v3.c:399:5:board_display_framebuffer_set	72	static
de_v3.c:473:6:board_display_set_alpha_mode	0	static
de_v3.c:486:5:board_display_framebuffer_change	0	static
de_v3.c:492:5:get_display_resolution	536	static
de_v3.c:623:12:init_display_out_attr	96	static
de_v3.c:691:5:board_display_device_open	152	static
de_v3.c:899:6:board_display_setenv	0	static
de_v3.c:907:5:borad_display_get_screen_width	24	static
de_v3.c:916:5:borad_display_get_screen_height	24	static
