nand_for_uboot.c:52:6:nand_get_mbr	32	static
nand_for_uboot.c:97:5:nand_uboot_init	16	static
nand_for_uboot.c:111:5:nand_uboot_init_force_sprite	8	static
nand_for_uboot.c:117:5:nand_uboot_exit	16	static
nand_for_uboot.c:141:5:nand_uboot_probe	0	static
nand_for_uboot.c:148:6:nand_uboot_read	8	static
nand_for_uboot.c:158:6:nand_uboot_write	8	static
nand_for_uboot.c:168:5:nand_download_boot0	16	static
nand_for_uboot.c:186:5:nand_read_boot0	0	static
nand_for_uboot.c:192:5:nand_write_boot0	16	static
nand_for_uboot.c:206:5:nand_download_uboot	16	static
nand_for_uboot.c:224:5:nand_force_download_uboot	16	static
nand_for_uboot.c:237:5:nand_uboot_erase	0	static
nand_for_uboot.c:243:6:nand_uboot_get_flash_info	0	static
nand_for_uboot.c:248:6:nand_uboot_set_flash_info	0	static
nand_for_uboot.c:253:6:nand_uboot_get_flash_size	0	static
nand_for_uboot.c:258:5:nand_uboot_flush	0	static
