api.c:488:13:api_dvimode_enable	0	static
api.c:482:13:api_phy_power_enable	0	static
api.c:476:13:api_avmute_enable	16	static
api.c:463:13:api_fc_vsif_set	0	static
api.c:458:13:api_fc_vsif_get	0	static
api.c:468:12:api_get_color_depth	8	static
api.c:447:12:api_get_video_code	8	static
api.c:441:12:api_get_pixel_format	8	static
api.c:434:12:api_get_colorimetry	8	static
api.c:427:12:api_get_pixelrepetion	8	static
api.c:421:12:api_get_avmute_state	8	static
api.c:415:12:api_get_scramble_state	8	static
api.c:408:12:api_get_tmds_mode	8	static
api.c:390:12:api_get_phy_power_state	8	static
api.c:396:12:api_get_phy_pll_lock_state	8	static
api.c:402:12:api_get_phy_rxsense_state	8	static
api.c:383:12:api_get_audio_channel_count	8	static
api.c:376:12:api_get_audio_sample_size	8	static
api.c:370:12:api_get_sample_freq	0	static
api.c:364:12:api_get_audio_layout	8	static
api.c:358:12:api_get_audio_n	0	static
api.c:49:12:api_scdc_read	8	static
api.c:54:12:api_scdc_write	8	static
api.c:44:12:api_phy_read	0	static
api.c:39:12:api_phy_write	0	static
api.c:95:13:resistor_calibration	16	static
api.c:163:12:api_Standby	8	static
api.c:158:13:api_fc_drm_up	0	static
api.c:198:12:api_dtd_fill	8	static
api.c:182:11:api_dev_hpd_status	0	static
api.c:177:13:api_hpd_enable	0	static
api.c:126:12:api_audio_configure	16	static
api.c:226:12:api_Configure	40	static
api.c:453:6:api_set_video_code	0	static
api.c:494:6:hdmitx_api_init	384	static
api.c:572:6:hdmitx_api_exit	8	static
