disp_display.c:552:6:disp_tasklet	8	static
disp_display.c:390:5:bsp_disp_shadow_protect	24	static
disp_display.c:39:5:bsp_disp_exit	0	static
disp_display.c:56:5:bsp_disp_open	0	static
disp_display.c:61:5:bsp_disp_close	0	static
disp_display.c:66:5:disp_device_attached	40	static
disp_display.c:101:5:disp_device_attached_and_enable	40	static
disp_display.c:187:5:disp_device_detach	24	static
disp_display.c:214:5:bsp_disp_device_switch	72	static
disp_display.c:244:5:bsp_disp_device_set_config	24	static
disp_display.c:265:5:disp_init_connections	24	static
disp_display.c:5:5:bsp_disp_init	32	static
disp_display.c:337:5:bsp_disp_sync_with_hw	32	static
disp_display.c:439:5:bsp_disp_vsync_event_enable	0	static
disp_display.c:506:6:sync_event_proc	16	static
disp_display.c:540:5:bsp_disp_get_output_type	8	static
disp_display.c:673:5:bsp_disp_set_print_level	0	static
disp_display.c:680:5:bsp_disp_get_print_level	0	static
disp_display.c:685:5:bsp_disp_get_screen_physical_width	16	static
disp_display.c:698:5:bsp_disp_get_screen_physical_height	16	static
disp_display.c:711:5:bsp_disp_get_screen_width	0	static
disp_display.c:718:5:bsp_disp_get_screen_height	0	static
disp_display.c:727:5:bsp_disp_get_screen_width_from_output_type	16	static
disp_display.c:838:5:bsp_disp_get_screen_height_from_output_type	16	static
disp_display.c:947:5:bsp_disp_set_hdmi_func	24	static
disp_display.c:976:5:bsp_disp_hdmi_check_support_mode	16	static
disp_display.c:994:5:bsp_disp_hdmi_get_hpd_status	16	static
disp_display.c:1012:5:bsp_disp_hdmi_get_edid	16	static
disp_display.c:1030:5:bsp_disp_tv_get_hpd_status	16	static
disp_display.c:1048:5:bsp_disp_hdmi_set_detect	16	static
disp_display.c:1067:5:bsp_disp_tv_set_hpd	0	static
disp_display.c:1097:5:bsp_disp_tv_register	0	static
disp_display.c:1137:17:bsp_disp_lcd_get_open_flow	8	static
disp_display.c:1149:17:bsp_disp_lcd_get_close_flow	8	static
disp_display.c:1161:5:bsp_disp_lcd_set_panel_funs	32	static
disp_display.c:1183:6:LCD_OPEN_FUNC	16	static
disp_display.c:1194:6:LCD_CLOSE_FUNC	16	static
disp_display.c:1205:5:bsp_disp_get_lcd_registered	0	static
disp_display.c:1210:5:bsp_disp_get_hdmi_registered	0	static
disp_display.c:1215:5:bsp_disp_get_tv_registered	0	static
disp_display.c:1220:5:bsp_disp_lcd_backlight_enable	8	static
disp_display.c:1236:5:bsp_disp_lcd_backlight_disable	8	static
disp_display.c:1252:5:bsp_disp_lcd_pwm_enable	8	static
disp_display.c:1268:5:bsp_disp_lcd_pwm_disable	8	static
disp_display.c:1284:5:bsp_disp_lcd_power_enable	8	static
disp_display.c:1300:5:bsp_disp_lcd_power_disable	8	static
disp_display.c:1316:5:bsp_disp_lcd_set_bright	8	static
disp_display.c:1332:5:bsp_disp_lcd_get_bright	8	static
disp_display.c:1344:5:bsp_disp_lcd_tcon_enable	16	static
disp_display.c:1390:5:bsp_disp_lcd_tcon_disable	16	static
disp_display.c:1431:5:bsp_disp_lcd_pin_cfg	8	static
disp_display.c:1443:5:bsp_disp_lcd_gpio_set_value	16	static
disp_display.c:1455:5:bsp_disp_lcd_gpio_set_direction	16	static
disp_display.c:1467:5:bsp_disp_get_panel_info	16	static
disp_display.c:1480:5:bsp_disp_get_fb_info	0	static
disp_display.c:1485:5:bsp_disp_get_display_size	0	static
