disp_hdmi.c:224:12:disp_hdmi_event_proc	16	static
disp_hdmi.c:46:41:disp_hdmi_get_priv	8	static
disp_hdmi.c:666:13:disp_hdmi_check_config_dirty	16	static
disp_hdmi.c:762:12:disp_hdmi_set_dynamic_config	16	static
disp_hdmi.c:505:12:disp_hdmi_set_detect	24	static
disp_hdmi.c:394:12:disp_hdmi_disable	24	static
disp_hdmi.c:164:12:hdmi_calc_judge_line	32	static
disp_hdmi.c:349:12:disp_hdmi_sw_enable	24	static
disp_hdmi.c:281:5:disp_hdmi_enable	56	static
disp_hdmi.c:654:12:disp_hdmi_get_fps	8	static
disp_hdmi.c:583:12:disp_hdmi_get_edid	16	static
disp_hdmi.c:492:12:disp_hdmi_detect	8	static
disp_hdmi.c:554:12:disp_hdmi_get_input_csc	8	static
disp_hdmi.c:569:12:disp_hdmi_get_input_color_range	8	static
disp_hdmi.c:539:12:disp_hdmi_check_support_mode	16	static
disp_hdmi.c:480:12:disp_hdmi_get_mode	8	static
disp_hdmi.c:444:12:disp_hdmi_is_enabled	8	static
disp_hdmi.c:267:12:disp_hdmi_exit	16	static
disp_hdmi.c:254:12:disp_hdmi_init	16	static
disp_hdmi.c:457:5:disp_hdmi_set_mode	16	static
disp_hdmi.c:641:12:disp_hdmi_get_status	8	static
disp_hdmi.c:620:12:disp_hdmi_resume	16	static
disp_hdmi.c:599:12:disp_hdmi_suspend	16	static
disp_hdmi.c:725:12:disp_hdmi_get_static_config	16	static
disp_hdmi.c:704:12:disp_hdmi_set_static_config	16	static
disp_hdmi.c:205:12:disp_hdmi_set_func	16	static
disp_hdmi.c:33:21:disp_get_hdmi	8	static
disp_hdmi.c:780:5:disp_init_hdmi	32	static
