disp_vdevice.c:23:42:disp_vdevice_get_priv	8	static
disp_vdevice.c:132:12:vdevice_calc_judge_line	32	static
disp_vdevice.c:562:12:disp_vdevice_tcon_simple_enable	24	static
disp_vdevice.c:528:12:disp_vdevice_tcon_disable	16	static
disp_vdevice.c:177:12:disp_vdevice_event_proc	24	static
disp_vdevice.c:478:12:disp_vdevice_tcon_enable	72	static
disp_vdevice.c:259:12:disp_vdevice_sw_enable	32	static
disp_vdevice.c:618:12:disp_vdevice_get_fps	8	static
disp_vdevice.c:380:12:disp_vdevice_detect	8	static
disp_vdevice.c:420:12:disp_vdevice_get_input_color_range	8	static
disp_vdevice.c:406:12:disp_vdevice_get_input_csc	8	static
disp_vdevice.c:392:12:disp_vdevice_check_support_mode	16	static
disp_vdevice.c:631:13:disp_vdevice_check_config_dirty	16	static
disp_vdevice.c:658:12:disp_vdevice_get_static_config	16	static
disp_vdevice.c:369:12:disp_vdevice_get_mode	8	static
disp_vdevice.c:347:12:disp_vdevice_set_mode	16	static
disp_vdevice.c:652:12:disp_vdevice_set_static_config	0	static
disp_vdevice.c:335:12:disp_vdevice_is_enabled	8	static
disp_vdevice.c:598:12:disp_vdevice_tcon_simple_disable	16	static
disp_vdevice.c:457:12:disp_vdevice_resume	16	static
disp_vdevice.c:436:12:disp_vdevice_suspend	16	static
disp_vdevice.c:311:12:disp_vdevice_disable	16	static
disp_vdevice.c:236:12:disp_vdevice_enable	16	static
disp_vdevice.c:223:12:disp_vdevice_exit	16	static
disp_vdevice.c:211:12:disp_vdevice_init	16	static
disp_vdevice.c:680:21:disp_vdevice_register	16	static
disp_vdevice.c:754:5:disp_vdevice_unregister	16	static
disp_vdevice.c:781:5:disp_vdevice_get_source_ops	8	static
