disp_lcd.c:2343:12:disp_lcd_set_static_config	0	static
disp_lcd.c:59:38:disp_lcd_get_priv	8	static
disp_lcd.c:69:12:disp_lcd_is_used	8	static
disp_lcd.c:1216:12:disp_lcd_bright_curve_init	848	static
disp_lcd.c:1983:24:disp_lcd_get_close_flow	16	static
disp_lcd.c:1954:24:disp_lcd_get_open_flow	16	static
disp_lcd.c:2253:12:disp_lcd_init	104	static
disp_lcd.c:939:12:lcd_clk_disable	16	static
disp_lcd.c:973:12:lcd_calc_judge_line	24	static
disp_lcd.c:1364:12:disp_lcd_event_proc	24	static
disp_lcd.c:876:12:lcd_clk_enable	104	static
disp_lcd.c:2012:12:disp_lcd_set_panel_funs	80	static
disp_lcd.c:1038:12:disp_lcd_pin_cfg	56	static
disp_lcd.c:1140:12:disp_lcd_backlight_disable	80	static
disp_lcd.c:1810:12:disp_lcd_sw_enable	104	static
disp_lcd.c:2242:12:disp_lcd_get_fps	8	static
disp_lcd.c:2148:12:disp_lcd_get_dimensions	16	static
disp_lcd.c:1936:12:disp_lcd_set_close_func	16	static
disp_lcd.c:1918:12:disp_lcd_set_open_func	16	static
disp_lcd.c:2325:13:disp_lcd_check_config_dirty	8	static
disp_lcd.c:2349:12:disp_lcd_get_static_config	16	static
disp_lcd.c:1906:5:disp_lcd_is_enabled	8	static
disp_lcd.c:1316:5:disp_lcd_get_bright	8	static
disp_lcd.c:1204:12:disp_lcd_bright_get_adjust_value	16	static
disp_lcd.c:1261:5:disp_lcd_set_bright	24	static
disp_lcd.c:1107:12:disp_lcd_backlight_enable	80	static
disp_lcd.c:2367:12:disp_lcd_exit	16	static
disp_lcd.c:1328:12:disp_lcd_set_bright_dimming	16	static
disp_lcd.c:2220:12:disp_lcd_disable_gamma	8	static
disp_lcd.c:2199:12:disp_lcd_enable_gamma	8	static
disp_lcd.c:2174:12:disp_lcd_set_gamma_tbl	24	static
disp_lcd.c:1346:12:disp_lcd_get_panel_info	16	static
disp_lcd.c:2162:12:disp_lcd_get_status	8	static
disp_lcd.c:1185:12:disp_lcd_power_disable	24	static
disp_lcd.c:1166:12:disp_lcd_power_enable	24	static
disp_lcd.c:1026:12:disp_lcd_tcon_disable	8	static
disp_lcd.c:1014:12:disp_lcd_tcon_enable	8	static
disp_lcd.c:1090:12:disp_lcd_pwm_disable	16	static
disp_lcd.c:1073:12:disp_lcd_pwm_enable	16	static
disp_lcd.c:2134:5:disp_lcd_gpio_set_value	48	static
disp_lcd.c:2106:5:disp_lcd_gpio_set_direction	48	static
disp_lcd.c:47:21:disp_get_lcd	8	static
disp_lcd.c:1716:13:disp_lcd_pre_disable_ex	16	static
disp_lcd.c:1532:13:disp_lcd_post_enable_ex	8	static
disp_lcd.c:2040:5:disp_lcd_gpio_init	96	static
disp_lcd.c:1521:13:disp_lcd_pre_enable_ex	32	static
disp_lcd.c:1543:12:__disp_lcd_enable	40	static
disp_lcd.c:1642:12:disp_lcd_fake_enable	0	static
disp_lcd.c:1636:12:disp_lcd_enable	0	static
disp_lcd.c:2071:5:disp_lcd_gpio_exit	96	static
disp_lcd.c:1727:13:disp_lcd_post_disable_ex	24	static
disp_lcd.c:1738:12:disp_lcd_disable	32	static
disp_lcd.c:2120:5:disp_lcd_gpio_get_value	40	static
disp_lcd.c:2381:5:disp_init_lcd	32	static
