usbc.c:50:7:USBC_GetVbusStatus	0	static
usbc.c:101:6:USBC_OTG_SelectMode	0	static
usbc.c:134:7:USBC_ReadLenFromFifo	0	static
usbc.c:181:7:USBC_WritePacket	12	static
usbc.c:250:7:USBC_ReadPacket	16	static
usbc.c:286:6:USBC_ConfigFIFO_Base	0	static
usbc.c:304:7:USBC_GetPortFifoStartAddr	0	static
usbc.c:322:7:USBC_GetPortFifoSize	0	static
usbc.c:400:7:USBC_SelectFIFO	0	static
usbc.c:438:6:__USBC_ConfigFifo_TxEp	0	static
usbc.c:467:6:__USBC_ConfigFifo_RxEp_Default	0	static
usbc.c:494:6:__USBC_ConfigFifo_RxEp	0	static
usbc.c:542:6:USBC_ConfigFifo_Default	0	static
usbc.c:590:6:USBC_ConfigFifo	0	static
usbc.c:634:7:USBC_GetLastFrameNumber	0	static
usbc.c:664:7:USBC_GetStatus_Dp	0	static
usbc.c:699:7:USBC_GetStatus_Dm	0	static
usbc.c:734:7:USBC_GetStatus_DpDm	0	static
usbc.c:771:7:USBC_GetOtgMode_Form_ID	0	static
usbc.c:806:7:USBC_GetOtgMode_Form_BDevice	0	static
usbc.c:844:6:USBC_SelectBus	0	static
usbc.c:943:7:USBC_INT_EpPending	0	static
usbc.c:965:6:USBC_INT_ClearEpPending	0	static
usbc.c:991:6:USBC_INT_ClearEpPendingAll	0	static
usbc.c:1017:7:USBC_INT_MiscPending	0	static
usbc.c:1029:6:USBC_INT_ClearMiscPending	0	static
usbc.c:1041:6:USBC_INT_ClearMiscPendingAll	0	static
usbc.c:1053:6:USBC_INT_EnableEp	0	static
usbc.c:1078:6:USBC_INT_EnableUsbMiscUint	0	static
usbc.c:1093:6:USBC_INT_DisableEp	0	static
usbc.c:1118:6:USBC_INT_DisableUsbMiscUint	0	static
usbc.c:1133:6:USBC_INT_DisableEpAll	0	static
usbc.c:1158:6:USBC_INT_DisableUsbMiscAll	0	static
usbc.c:1170:7:USBC_GetActiveEp	0	static
usbc.c:1182:6:USBC_SelectActiveEp	0	static
usbc.c:1194:6:USBC_EnhanceSignal	0	static
usbc.c:1207:6:USBC_EnterMode_TestPacket	0	static
usbc.c:1219:6:USBC_EnterMode_Test_K	0	static
usbc.c:1231:6:USBC_EnterMode_Test_J	0	static
usbc.c:1243:6:USBC_EnterMode_Test_SE0_NAK	0	static
usbc.c:1255:6:USBC_EnterMode_Idle	0	static
usbc.c:1281:6:USBC_SetWakeUp_Default	0	static
usbc.c:1287:6:USBC_EnableIdPullUp	0	static
usbc.c:1299:6:USBC_DisableIdPullUp	0	static
usbc.c:1311:6:USBC_EnableDpDmPullUp	0	static
usbc.c:1323:6:USBC_DisableDpDmPullUp	0	static
usbc.c:1371:6:USBC_ForceId	0	static
usbc.c:1425:6:USBC_ForceVbusValid	0	static
usbc.c:1443:6:USBC_A_valid_InputSelect	0	static
usbc.c:1449:6:USBC_EnableUsbLineStateBypass	0	static
usbc.c:1455:6:USBC_DisableUsbLineStateBypass	0	static
usbc.c:1461:6:USBC_EnableHosc	0	static
usbc.c:1473:6:USBC_DisableHosc	0	static
usbc.c:1485:7:USBC_IsVbusChange	0	static
usbc.c:1504:7:USBC_IsIdChange	0	static
usbc.c:1523:7:USBC_IsDpDmChange	0	static
usbc.c:1542:6:USBC_DisableWakeIrq	0	static
usbc.c:1554:6:USBC_DisableVbusChange	0	static
usbc.c:1566:6:USBC_DisableIdChange	0	static
usbc.c:1578:6:USBC_DisableDpDmChange	0	static
usbc.c:1590:6:USBC_EnableWakeIrq	0	static
usbc.c:1602:6:USBC_EnableVbusChange	0	static
usbc.c:1614:6:USBC_EnableIdChange	0	static
usbc.c:1626:6:USBC_EnableDpDmChange	0	static
usbc.c:1638:7:USBC_TestMode_ReadReg	0	static
usbc.c:1762:6:USBC_PrintAllReg	40	static
usbc.c:1828:8:USBC_open_otg	0	static
usbc.c:1867:8:USBC_close_otg	8	static
usbc.c:1900:7:USBC_init	0	static
usbc.c:1951:7:USBC_exit	8	static
