axp.c:570:12:find_regulator_str	24	static
axp.c:53:6:sunxi_axp_dummy_init	8	static
axp.c:63:5:axp_probe	8	static
axp.c:81:5:axp_reinit	8	static
axp.c:103:5:axp_get_power_vol_level	0	static
axp.c:108:5:axp_probe_startup_cause	8	static
axp.c:153:5:axp_set_hardware_poweron_vol	16	static
axp.c:165:5:axp_set_hardware_poweroff_vol	16	static
axp.c:177:6:axp_set_power_off	8	static
axp.c:113:5:axp_probe_factory_mode	8	static
axp.c:182:5:axp_set_next_poweron_status	8	static
axp.c:187:5:axp_probe_pre_sys_mode	8	static
axp.c:192:6:axp_power_get_dcin_battery_exist	16	static
axp.c:200:6:axp_probe_battery_exist	8	static
axp.c:206:5:axp_probe_power_source	8	static
axp.c:213:6:axp_probe_battery_vol	8	static
axp.c:236:6:axp_probe_rest_battery_capacity	8	static
axp.c:241:6:axp_probe_key	8	static
axp.c:246:6:axp_probe_charge_current	8	static
axp.c:251:6:axp_set_charge_current	8	static
axp.c:256:6:axp_set_charge_control	8	static
axp.c:261:5:axp_set_vbus_limit_dc	8	static
axp.c:272:5:axp_set_vbus_limit_pc	8	static
axp.c:283:5:axp_set_all_limit	8	static
axp.c:291:5:axp_set_suspend_chgcur	8	static
axp.c:296:5:axp_set_runtime_chgcur	8	static
axp.c:301:5:axp_set_charge_vol_limit	16	static
axp.c:325:5:axp_set_power_supply_output	80	static
axp.c:369:5:axp_slave_set_power_supply_output	64	static
axp.c:438:5:axp_probe_power_supply_condition	32	static
axp.c:504:5:axp_int_enable	0	static
axp.c:509:5:axp_int_disable	0	static
axp.c:515:5:axp_int_query	0	static
axp.c:523:5:axp_set_supply_status	8	static
axp.c:528:5:axp_set_supply_status_byname	16	static
axp.c:546:5:axp_probe_supply_status	8	static
axp.c:551:5:axp_probe_supply_status_byname	16	static
axp.c:597:5:axp_set_supply_status_byregulator	432	static
axp.c:681:5:axp_set_supply_vol_byregulator	432	static
axp.c:751:5:axp_probe_supply_pmu_name	8	static
axp.c:772:5:axp_probe_vbus_cur_limit	8	static
axp.c:777:5:axp_set_coulombmeter_onoff	8	static
axp.c:783:12:axp_probe_vbus_type	0	static
axp.c:881:5:set_sunxi_gpio_power_bias	112	static
