axp806.c:57:5:axp806_set_coulombmeter_onoff	0	static
axp806.c:62:5:axp806_set_charge_control	0	static
axp806.c:67:5:axp806_probe_battery_ratio	0	static
axp806.c:72:5:axp806_probe_power_status	0	static
axp806.c:78:5:axp806_probe_battery_exist	0	static
axp806.c:83:5:axp806_probe_battery_vol	0	static
axp806.c:88:5:axp806_probe_key	0	static
axp806.c:93:5:axp806_probe_pre_sys_mode	0	static
axp806.c:98:5:axp806_set_next_sys_mode	0	static
axp806.c:103:5:axp806_probe_this_poweron_cause	0	static
axp806.c:108:5:axp806_set_power_off	0	static
axp806.c:113:5:axp806_set_power_onoff_vol	0	static
axp806.c:118:5:axp806_set_charge_current	0	static
axp806.c:123:5:axp806_probe_charge_current	0	static
axp806.c:128:5:axp806_set_vbus_cur_limit	0	static
axp806.c:133:5:axp806_probe_vbus_cur_limit	0	static
axp806.c:138:5:axp806_set_vbus_vol_limit	0	static
axp806.c:183:5:axp806_set_int_enable	32	static
axp806.c:143:5:axp806_probe_int_pending	32	static
axp806.c:166:5:axp806_probe_int_enable	24	static
axp806.c:36:5:axp806_probe	32	static
