common.h:308:19:print_cpuinfo	0	static
trace.h:95:19:trace_early_init	0	static
board_f.c:286:12:setup_mon_len	0	static
board_f.c:299:12:arch_cpu_init	0	static
board_f.c:443:12:reserve_debugbuffer	0	static
board_f.c:480:12:reserve_round_4k	0	static
board_f.c:488:12:reserve_mmu	0	static
board_f.c:518:12:reserve_trace	0	static
board_f.c:542:12:reserve_uboot	0	static
board_f.c:566:12:reserve_malloc	0	static
board_f.c:595:12:setup_machine	0	static
board_f.c:603:12:reserve_global_data	0	static
board_f.c:647:12:reserve_parameter	0	static
board_f.c:693:12:reserve_stacks	0	static
board_f.c:747:12:display_new_sp	0	static
board_f.c:843:12:setup_dram_config	8	static
board_f.c:879:12:reloc_parameter	8	static
board_f.c:892:12:setup_reloc	8	static
board_f.c:151:12:display_text_info	8	static
board_f.c:864:12:reloc_sysconfig	16	static
board_f.c:851:12:reloc_fdt	8	static
board_f.c:612:12:reserve_sysconfig	8	static
board_f.c:667:12:reserve_fdt	8	static
board_f.c:584:12:reserve_board	8	static
board_f.c:189:12:announce_dram_init	8	static
board_f.c:944:12:init_func_pmubus	8	static
board_f.c:255:12:init_func_i2c	8	static
board_f.c:936:12:mark_bootstage	8	static
board_f.c:145:12:init_baud_rate	8	static
board_f.c:359:12:setup_fdt	8	static
board_f.c:85:14:__coloured_LED_init	0	static
board_f.c:88:14:__red_led_on	0	static
board_f.c:90:14:__red_led_off	0	static
board_f.c:92:14:__green_led_on	0	static
board_f.c:94:14:__green_led_off	0	static
board_f.c:96:14:__yellow_led_on	0	static
board_f.c:98:14:__yellow_led_off	0	static
board_f.c:100:14:__blue_led_on	0	static
board_f.c:102:14:__blue_led_off	0	static
board_f.c:137:6:__board_add_ram_info	0	static
board_f.c:243:6:__dram_init_banksize	8	static
board_f.c:397:14:board_get_usable_ram_top	0	static
board_f.c:402:12:setup_dest_addr	16	static
board_f.c:1174:6:board_init_f	336	static
