bootstage.h:337:19:bootstage_relocate	0	static
board_r.c:200:12:initr_trace	0	static
board_r.c:236:12:initr_reloc_global_data	0	static
board_r.c:312:12:initr_announce	0	static
board_r.c:421:12:detect_part_back_work_base	0	static
board_r.c:676:12:show_platform_info	0	static
board_r.c:384:12:run_main_loop	8	static
board_r.c:664:12:usb_net_init	8	static
board_r.c:415:12:initr_sunxi_base	8	static
board_r.c:352:12:initr_env	8	static
board_r.c:429:12:sunxi_burn_key	8	static
board_r.c:405:12:sunxi_check_burn_usb	8	static
board_r.c:630:12:initr_sunxi_flash	8	static
board_r.c:655:12:platform_dma_init	8	static
board_r.c:376:12:initr_enable_interrupts	8	static
board_r.c:367:12:initr_jumptable	8	static
board_r.c:284:12:initr_malloc	8	static
board_r.c:223:12:initr_caches	8	static
board_r.c:273:12:initr_serial	8	static
board_r.c:209:12:initr_reloc	8	static
board_r.c:470:12:display_for_hdcp	4112	static
board_r.c:303:12:power_init_board	8	static
board_r.c:439:12:sunxi_load_logo_multiboot	16	static
board_r.c:90:27:get_disp_para_mode	0	static
board_r.c:95:5:__board_flash_wp_on	0	static
board_r.c:132:8:request_spin_lock	8	static
board_r.c:144:6:cpu_secondary_init_r	8	static
board_r.c:231:12:fixup_cpu	0	static
board_r.c:321:5:initr_mmc	8	static
board_r.c:531:5:initr_sunxi_display	8	static
board_r.c:179:12:initr_secondary_cpu	8	static
board_r.c:681:5:initr_sunxi_csi	8	static
board_r.c:820:6:intr_vector_fix	40	static
board_r.c:843:6:board_init_r	8	static
