cmd_svudata.c:380:12:user_data_list	8208	static
cmd_svudata.c:282:12:save_user_data_to_secure_storage	536	static
cmd_svudata.c:425:5:do_check_userdata	8	static
cmd_svudata.c:90:5:save_user_private_data	8344	static
cmd_svudata.c:313:5:do_save_user_data	24	static
cmd_svudata.c:171:5:erase_all_private_data	24	static
cmd_svudata.c:458:5:erase_private_data	8	static
cmd_svudata.c:230:5:read_private_key_by_name	8224	static
cmd_svudata.c:595:6:check_user_data	64	static
cmd_svudata.c:493:5:update_user_data	8744	static
