hdmi_core.c:422:13:print_videoinfo	16	static
hdmi_core.c:84:13:hdmitx_sleep	0	static
hdmi_core.c:120:5:hdmitx_read	0	static
hdmi_core.c:112:6:hdmitx_write	0	static
hdmi_core.c:89:6:hdmi_core_set_base_addr	0	static
hdmi_core.c:94:11:hdmi_core_get_base_addr	0	static
hdmi_core.c:102:6:set_platform	0	static
hdmi_core.c:107:22:get_platform	0	static
hdmi_core.c:169:6:resistor_calibration_core	16	static
hdmi_core.c:175:5:hdmi_core_get_hpd_state	8	static
hdmi_core.c:240:6:core_init_audio	8	static
hdmi_core.c:268:5:hdmi_tx_core_init	32	static
hdmi_core.c:322:6:hdmi_core_exit	8	static
hdmi_core.c:334:6:hdcp_handler_core	16	static
hdmi_core.c:348:4:get_hdcp22_status_core	0	static
hdmi_core.c:353:6:hdmi_configure_core	24	static
hdmi_core.c:511:6:video_apply	24	static
hdmi_core.c:703:5:get_static_config	16	static
hdmi_core.c:865:5:hdmi_set_display_mode	72	static
hdmi_core.c:902:5:hdmi_mode_blacklist_check	16	static
hdmi_core.c:930:5:hdmi_mode_support	16	static
hdmi_core.c:963:6:hdmi_reconfig_format_by_blacklist	16	static
hdmi_core.c:551:5:set_static_config	16	static
hdmi_core.c:986:5:hdmi_get_HPD_status	8	static
hdmi_core.c:993:5:hdmi_core_get_csc_type	24	static
hdmi_core.c:1007:5:hdmi_get_video_timming_info	40	static
hdmi_core.c:1066:6:hpd_sense_enbale_core	8	static
hdmi_core.c:1071:5:hdmi_enable_core	8	static
hdmi_core.c:1082:5:hdmi_disable_core	8	static
hdmi_core.c:1103:6:hdcp_enable_core	8	static
hdmi_core.c:1160:6:register_func_to_hdmi_core	8	static
hdmi_core.c:1167:5:hdmi_core_get_rxsense_state	8	static
hdmi_core.c:1173:5:hdmi_core_get_phy_pll_lock_state	8	static
hdmi_core.c:1179:5:hdmi_core_get_phy_power_state	8	static
hdmi_core.c:1185:5:hdmi_core_get_tmds_mode	8	static
hdmi_core.c:1191:5:hdmi_core_get_scramble_state	8	static
hdmi_core.c:1197:5:hdmi_core_get_avmute_state	8	static
hdmi_core.c:1204:5:hdmi_core_get_pixelrepetion	8	static
hdmi_core.c:1211:5:hdmi_core_get_color_depth	8	static
hdmi_core.c:1218:5:hdmi_core_get_colorimetry	8	static
hdmi_core.c:1226:5:hdmi_core_get_pixel_format	8	static
hdmi_core.c:1234:5:hdmi_core_get_video_code	8	static
hdmi_core.c:1241:5:hdmi_core_get_audio_layout	8	static
hdmi_core.c:1249:5:hdmi_core_get_audio_channel_count	8	static
hdmi_core.c:1256:5:hdmi_core_get_audio_sample_freq	8	static
hdmi_core.c:1263:5:hdmi_core_get_audio_sample_size	8	static
hdmi_core.c:1270:5:hdmi_core_get_audio_n	8	static
hdmi_core.c:1277:6:hdmi_core_avmute_enable	8	static
hdmi_core.c:1283:6:hdmi_core_phy_power_enable	8	static
hdmi_core.c:1289:6:hdmi_core_dvimode_enable	8	static
