sunxi_host0_2_v4p1.c:531:13:mmc_ddr_mode_onoff	8	static
sunxi_host0_2_v4p1.c:558:13:mmc_hs400_mode_onoff	0	static
sunxi_host0_2_v4p1.c:1293:12:sunxi_detail_errno	0	static
sunxi_host0_2_v4p1.c:1208:12:sunxi_decide_rty	32	static
sunxi_host0_2_v4p1.c:76:12:mmc_update_clk	16	static
sunxi_host0_2_v4p1.c:99:12:mmc_update_phase	0	static
sunxi_host0_2_v4p1.c:156:17:mmc_get_mclk	16	static
sunxi_host0_2_v4p1.c:300:12:mmc_config_clock_modex	48	static
sunxi_host0_2_v4p1.c:666:12:mmc_core_init	64	static
sunxi_host0_2_v4p1.c:697:13:mmc_set_ios	24	static
sunxi_host0_2_v4p1.c:58:6:mmc_dump_errinfo	72	static
sunxi_host0_2_v4p1.c:924:12:mmc_send_cmd	80	static
