usb_fastboot.c:1148:13:sunxi_fastboot_reset	0	static
usb_fastboot.c:1281:12:sunxi_fastboot_nonstandard_req_op	0	static
usb_fastboot.c:1191:14:sunxi_fastboot_usb_tx_dma_isr	0	static
usb_fastboot.c:1169:14:sunxi_fastboot_usb_rx_dma_isr	8	static
usb_fastboot.c:1332:12:sunxi_fastboot_locked	8	static
usb_fastboot.c:450:12:__fastboot_reboot	16	static
usb_fastboot.c:1302:13:__limited_fastboot	72	static
usb_fastboot.c:1357:12:sunxi_fastboot_state_loop	288	static
usb_fastboot.c:1211:12:sunxi_fastboot_standard_req_op	40	static
usb_fastboot.c:1122:12:sunxi_fastboot_exit	8	static
usb_fastboot.c:1081:12:sunxi_fastboot_init	16	static
usb_fastboot.c:55:5:get_fastboot_data_flag	0	static
