usb_efex.c:564:13:sunxi_efex_reset	0	static
usb_efex.c:587:14:sunxi_efex_usb_rx_dma_isr	0	static
usb_efex.c:609:14:sunxi_efex_usb_tx_dma_isr	0	static
usb_efex.c:752:13:__sunxi_usb_efex_fill_status	16	static
usb_efex.c:783:12:__sunxi_usb_efex_op_cmd	232	static
usb_efex.c:1407:13:dram_data_recv_finish	24	static
usb_efex.c:1531:12:sunxi_efex_state_loop	24	static
usb_efex.c:633:12:sunxi_efex_standard_req_op	40	static
usb_efex.c:528:12:sunxi_efex_exit	8	static
usb_efex.c:468:12:sunxi_efex_init	16	static
usb_efex.c:703:12:sunxi_efex_nonstandard_req_op	8	static
