usb_burn.c:1158:13:sunxi_pburn_reset	0	static
usb_burn.c:1179:14:sunxi_pburn_usb_rx_dma_isr	0	static
usb_burn.c:1201:14:sunxi_pburn_usb_tx_dma_isr	0	static
usb_burn.c:1126:12:sunxi_pburn_exit	8	static
usb_burn.c:1224:12:sunxi_pburn_standard_req_op	40	static
usb_burn.c:1082:12:sunxi_pburn_init	16	static
usb_burn.c:1294:12:sunxi_pburn_nonstandard_req_op	8	static
usb_burn.c:42:5:sunxi_key_ladder_verify_rotpk_hash	8	static
usb_burn.c:49:5:smc_set_sst_crypt_name	8	static
usb_burn.c:56:5:sunxi_verify_rotpk_hash	8	static
usb_burn.c:63:5:sunxi_deal_hdcp_key	8	static
usb_burn.c:70:5:sunxi_secure_object_down	8	static
usb_burn.c:77:5:arm_svc_efuse_read	8	static
usb_burn.c:84:5:sunxi_efuse_write	8	static
usb_burn.c:90:5:sunxi_efuse_read	8	static
usb_burn.c:121:6:set_usb_burn_boot_init_flag	0	static
usb_burn.c:505:5:sunxi_mac2efuse_translation	24	static
usb_burn.c:524:5:sunxi_efuse2mac_translation	40	static
usb_burn.c:554:5:__sunxi_burn_key	120	static
usb_burn.c:748:5:__sunxi_read_key_by_name	4128	static
usb_burn.c:869:5:__sunxi_erase_key	8	static
usb_burn.c:919:5:__sunxi_burn_flag	8	static
usb_burn.c:984:5:sunxi_burn_part_verify	24	static
usb_burn.c:1029:5:burn_part_probe	24	static
usb_burn.c:1343:12:sunxi_pburn_state_loop	544	static
