usb_base_platform.c:614:13:__usb_bulk_ep_reset	24	static
usb_base_platform.c:539:13:5	16	static
usb_base_platform.c:652:12:__usb_read_ep0_data	24	static
usb_base_platform.c:575:13:4	16	static
usb_base_platform.c:78:12:get_fastboot_data_flag	0	static
usb_base_platform.c:84:13:set_usb_burn_boot_init_flag	0	static
usb_base_platform.c:106:6:sunxi_usb_irq	40	static
usb_base_platform.c:244:5:sunxi_usb_init	24	static
usb_base_platform.c:406:5:sunxi_usb_exit	8	static
usb_base_platform.c:865:6:sunxi_udc_ep_reset	0	static
usb_base_platform.c:885:5:sunxi_udc_start_recv_by_dma	24	static
usb_base_platform.c:925:6:sunxi_udc_send_setup	16	static
usb_base_platform.c:957:5:sunxi_udc_set_configuration	0	static
usb_base_platform.c:977:5:sunxi_udc_set_address	8	static
usb_base_platform.c:999:5:sunxi_udc_send_data	32	static
usb_base_platform.c:1021:5:sunxi_udc_get_ep_max	0	static
usb_base_platform.c:1041:5:sunxi_udc_get_ep_in_type	0	static
usb_base_platform.c:1061:5:sunxi_udc_get_ep_out_type	0	static
usb_base_platform.c:1442:6:sunxi_usb_main_loop	16	static
usb_base_platform.c:1492:5:sunxi_usb_extern_loop	8	static
usb_base_platform.c:1500:5:sunxi_usb_burn_loop	0	static
