nand_uboot_fun.c:53:5:__NAND_UpdatePhyArch	8	static
nand_uboot_fun.c:62:5:msg	8	static
nand_uboot_fun.c:68:5:NAND_PhyInit	8	static
nand_uboot_fun.c:86:5:NAND_PhyExit	8	static
nand_uboot_fun.c:93:5:NAND_LogicWrite	0	static
nand_uboot_fun.c:98:5:NAND_LogicRead	0	static
nand_uboot_fun.c:104:5:NAND_LogicInit	24	static
nand_uboot_fun.c:177:5:NAND_LogicExit	8	static
nand_uboot_fun.c:186:5:NAND_build_all_partition	16	static
nand_uboot_fun.c:222:5:NAND_VersionGet	8	static
nand_uboot_fun.c:234:5:NAND_VersionCheck	104	static
nand_uboot_fun.c:326:6:NAND_EraseBootBlocks	16	static
nand_uboot_fun.c:344:6:NAND_EraseChip	0	static
nand_uboot_fun.c:349:6:NAND_EraseChip_force	0	static
nand_uboot_fun.c:354:5:NAND_BadBlockScan	0	static
nand_uboot_fun.c:359:5:NAND_UbootInit	16	static
nand_uboot_fun.c:384:5:NAND_UbootExit	8	static
nand_uboot_fun.c:393:5:NAND_UbootProbe	8	static
nand_uboot_fun.c:410:6:NAND_UbootRead	0	static
nand_uboot_fun.c:415:6:NAND_UbootWrite	0	static
nand_uboot_fun.c:421:5:NAND_Uboot_Erase	8	static
nand_uboot_fun.c:457:5:NAND_Uboot_Force_Erase	8	static
nand_uboot_fun.c:474:5:NAND_BurnBoot0	0	static
nand_uboot_fun.c:479:5:NAND_ReadBoot0	0	static
nand_uboot_fun.c:484:5:NAND_BurnUboot	0	static
nand_uboot_fun.c:489:5:NAND_GetParam_store	24	static
nand_uboot_fun.c:509:5:NAND_FlushCache	0	static
