nand_osal_uboot.c:50:7:get_wvalue	0	static
nand_osal_uboot.c:55:6:put_wvalue	0	static
nand_osal_uboot.c:68:5:NAND_set_boot_mode	0	static
nand_osal_uboot.c:75:5:NAND_Print	16	static
nand_osal_uboot.c:88:5:NAND_Print_DBG	16	static
nand_osal_uboot.c:105:7:NAND_CleanFlushDCacheRegion	8	static
nand_osal_uboot.c:111:7:NAND_DMASingleMap	0	static
nand_osal_uboot.c:116:7:NAND_DMASingleUnmap	0	static
nand_osal_uboot.c:139:7:NAND_FreeMemoryForDMADescs	16	static
nand_osal_uboot.c:148:5:NAND_WaitDmaFinish	0	static
nand_osal_uboot.c:153:7:_Getpll6Clk	8	static
nand_osal_uboot.c:175:7:_get_ndfc_clk_v1	24	static
nand_osal_uboot.c:234:7:_change_ndfc_clk_v1	56	static
nand_osal_uboot.c:394:7:_close_ndfc_clk_v1	8	static
nand_osal_uboot.c:420:7:_open_ndfc_ahb_gate_and_reset_v1	8	static
nand_osal_uboot.c:452:7:_close_ndfc_ahb_gate_and_reset_v1	8	static
nand_osal_uboot.c:482:7:_cfg_ndfc_gpio_v1	8	static
nand_osal_uboot.c:511:5:NAND_ClkRequest	16	static
nand_osal_uboot.c:541:6:NAND_ClkRelease	8	static
nand_osal_uboot.c:578:5:NAND_SetClk	16	static
nand_osal_uboot.c:611:5:NAND_GetClk	8	static
nand_osal_uboot.c:632:7:NAND_PIORequest	8	static
nand_osal_uboot.c:675:7:NAND_3DNand_Request	8	static
nand_osal_uboot.c:688:7:NAND_Check_3DNand	8	static
nand_osal_uboot.c:702:7:NAND_PIOFuncChange_DQSc	8	static
nand_osal_uboot.c:729:7:NAND_PIOFuncChange_REc	8	static
nand_osal_uboot.c:758:6:NAND_PIORelease	0	static
nand_osal_uboot.c:763:6:NAND_Memset	0	static
nand_osal_uboot.c:768:6:NAND_Memcpy	0	static
nand_osal_uboot.c:774:8:NAND_Malloc	8	static
nand_osal_uboot.c:121:7:NAND_AllocMemoryForDMADescs	16	static
nand_osal_uboot.c:791:6:NAND_Free	0	static
nand_osal_uboot.c:798:7:OSAL_IrqUnLock	0	static
nand_osal_uboot.c:802:7:OSAL_IrqLock	0	static
nand_osal_uboot.c:807:5:NAND_WaitRbReady	0	static
nand_osal_uboot.c:812:7:NAND_IORemap	0	static
nand_osal_uboot.c:817:7:NAND_VA_TO_PA	0	static
nand_osal_uboot.c:822:7:NAND_GetIOBaseAddrCH0	0	static
nand_osal_uboot.c:827:7:NAND_GetIOBaseAddrCH1	0	static
nand_osal_uboot.c:833:7:NAND_GetNdfcVersion	0	static
nand_osal_uboot.c:838:7:NAND_GetNdfcDmaMode	0	static
nand_osal_uboot.c:849:5:NAND_PhysicLockInit	0	static
nand_osal_uboot.c:854:5:NAND_PhysicLock	0	static
nand_osal_uboot.c:859:5:NAND_PhysicUnLock	0	static
nand_osal_uboot.c:864:5:NAND_PhysicLockExit	0	static
nand_osal_uboot.c:869:7:NAND_GetMaxChannelCnt	0	static
nand_osal_uboot.c:874:7:NAND_GetPlatform	0	static
nand_osal_uboot.c:882:5:nand_request_dma	8	static
nand_osal_uboot.c:893:5:NAND_ReleaseDMA	8	static
nand_osal_uboot.c:905:5:nand_dma_config_start	40	static
nand_osal_uboot.c:957:7:NAND_GetNandExtPara	24	static
nand_osal_uboot.c:1022:7:NAND_GetNandIDNumCtrl	16	static
nand_osal_uboot.c:1040:6:nand_cond_resched	0	static
nand_osal_uboot.c:1045:7:NAND_GetNandCapacityLevel	16	static
nand_osal_uboot.c:1070:7:nand_rb_wait_time_out	0	static
nand_osal_uboot.c:1075:7:nand_rb_wake_up	0	static
nand_osal_uboot.c:1087:7:nand_dma_wait_time_out	0	static
nand_osal_uboot.c:1092:7:nand_dma_wake_up	0	static
nand_osal_uboot.c:1103:5:NAND_IS_Secure_sys	8	static
nand_osal_uboot.c:1116:5:NAND_GetVoltage	0	static
nand_osal_uboot.c:1122:5:NAND_ReleaseVoltage	0	static
nand_osal_uboot.c:1128:6:NAND_Print_Version	16	static
nand_osal_uboot.c:1139:5:NAND_Get_Version	0	static
